# serializer version: 1
# name: test_get_langchain_document_from_expenditure_report
  Document(id='expenditure-report-710116cb', metadata={'source_url': 'about:blank', 'title': 'Average Expenditures for Auto Insurance, 2012-2021'}, page_content='# Average Expenditures for Auto Insurance, 2012-2021\n\n')
# ---
# name: test_get_langchain_document_from_generic_data
  Document(id='expenditure-report-02794835', metadata={'title': 'Some Data', 'source_url': 'about:blank'}, page_content='# Some Data\n\n')
# ---
# name: test_parse_average_expenditures_document
  ExpenditureReport(title='Average Expenditures for Auto Insurance, 2012-2021', data=[InsuranceRecord(year=2012, average_expenditure=812.4, percent_change=2.2, source_content='<tr>\n<td>2012</td>\n<td>$812.40</td>\n<td>2.2%</td>\n</tr>'), InsuranceRecord(year=2013, average_expenditure=841.06, percent_change=3.5, source_content='<tr>\n<td>2013</td>\n<td>841.06</td>\n<td>3.5</td>\n</tr>'), InsuranceRecord(year=2014, average_expenditure=869.47, percent_change=3.4, source_content='<tr>\n<td>2014</td>\n<td>869.47</td>\n<td>3.4</td>\n</tr>'), InsuranceRecord(year=2015, average_expenditure=896.66, percent_change=3.1, source_content='<tr>\n<td>2015</td>\n<td>896.66</td>\n<td>3.1</td>\n</tr>'), InsuranceRecord(year=2016, average_expenditure=945.22, percent_change=5.4, source_content='<tr>\n<td>2016</td>\n<td>945.22</td>\n<td>5.4</td>\n</tr>'), InsuranceRecord(year=2017, average_expenditure=1008.35, percent_change=6.7, source_content='<tr>\n<td>2017</td>\n<td>1,008.35</td>\n<td>6.7</td>\n</tr>'), InsuranceRecord(year=2018, average_expenditure=1058.1, percent_change=4.9, source_content='<tr>\n<td>2018</td>\n<td>1,058.10</td>\n<td>4.9</td>\n</tr>'), InsuranceRecord(year=2019, average_expenditure=1071.74, percent_change=1.3, source_content='<tr>\n<td>2019</td>\n<td>1,071.74</td>\n<td>1.3</td>\n</tr>'), InsuranceRecord(year=2020, average_expenditure=1046.37, percent_change=-2.4, source_content='<tr>\n<td>2020</td>\n<td>1,046.37</td>\n<td>-2.4</td>\n</tr>'), InsuranceRecord(year=2021, average_expenditure=1061.54, percent_change=1.4, source_content='<tr>\n<td>2021</td>\n<td>1,061.54</td>\n<td>1.4</td>\n</tr>')], source_url='about:blank')
# ---
