# serializer version: 1
# name: test_graph_with_insurance_queries[What is the trend in auto insurance costs between 2012 and 2015?]
  'Between 2012 and 2015, the trend in auto insurance costs was an increase. The average expenditure rose from $812.40 in 2012 to $896.66 in 2015, with annual percentage increases of 2.2% in 2012, 3.5% in 2013, 3.4% in 2014, and 3.1% in 2015.'
# ---
