# serializer version: 1
# name: test_poor_mans_e2e_test
  dict({
    'answer': 'The current weather in Paris is 12.07°C, feels like 11.5°C, with 83% humidity and overcast clouds.',
    'sources': list([
      'weather-info',
    ]),
  })
# ---
