# serializer version: 1
# name: test_ingest_node
  dict({
    'url': 'data:text/html;base64,CjxodG1sPgogIDxoZWFkPgogICAgPG1ldGEgaHR0cC1lcXVpdj0iQ29udGVudC1UeXBlIiBjb250ZW50PSJ0ZXh0L2h0bWw7IGNoYXJzZXQ9dXRmLTgiIC8+CiAgPC9oZWFkPgogIDxib2R5PgogICAgPHRhYmxlPgo8dGhlYWQ+PHRyPjx0aD48L3RoPjwvdHI+PC90aGVhZD4gICAgPHRib2R5PiA8dHIgY2xhc3M9Im9kZCI+PHRkPjx0YWJsZT4KPHRyPjx0ZD5BdmVyYWdlIEV4cGVuZGl0dXJlcyBmb3IgQXV0byBJbnN1cmFuY2UsIDIwMTItMjAyMTwvdGQ+PC90cj4KPHRyPjx0ZD48cD4gPC9wPgo8L3RkPjwvdHI+Cjx0cj48dGQ+PHRhYmxlPgo8dGhlYWQ+Cjx0cj4KPHRoPlllYXI8L3RoPgo8dGg+QXZlcmFnZSBleHBlbmRpdHVyZTwvdGg+Cjx0aD5QZXJjZW50IGNoYW5nZTwvdGg+CjwvdHI+CjwvdGhlYWQ+Cjx0Ym9keT4KPHRyPgo8dGQ+MjAxMjwvdGQ+Cjx0ZD4kODEyLjQwPC90ZD4KPHRkPjIuMiU8L3RkPgo8L3RyPgo8dHI+Cjx0ZD4yMDEzPC90ZD4KPHRkPjg0MS4wNjwvdGQ+Cjx0ZD4zLjU8L3RkPgo8L3RyPgo8dHI+Cjx0ZD4yMDE0PC90ZD4KPHRkPjg2OS40NzwvdGQ+Cjx0ZD4zLjQ8L3RkPgo8L3RyPgo8dHI+Cjx0ZD4yMDE1PC90ZD4KPHRkPjg5Ni42NjwvdGQ+Cjx0ZD4zLjE8L3RkPgo8L3RyPgo8dHI+Cjx0ZD4yMDE2PC90ZD4KPHRkPjk0NS4yMjwvdGQ+Cjx0ZD41LjQ8L3RkPgo8L3RyPgo8dHI+Cjx0ZD4yMDE3PC90ZD4KPHRkPjEsMDA4LjM1PC90ZD4KPHRkPjYuNzwvdGQ+CjwvdHI+Cjx0cj4KPHRkPjIwMTg8L3RkPgo8dGQ+MSwwNTguMTA8L3RkPgo8dGQ+NC45PC90ZD4KPC90cj4KPHRyPgo8dGQ+MjAxOTwvdGQ+Cjx0ZD4xLDA3MS43NDwvdGQ+Cjx0ZD4xLjM8L3RkPgo8L3RyPgo8dHI+Cjx0ZD4yMDIwPC90ZD4KPHRkPjEsMDQ2LjM3PC90ZD4KPHRkPi0yLjQ8L3RkPgo8L3RyPgo8dHI+Cjx0ZD4yMDIxPC90ZD4KPHRkPjEsMDYxLjU0PC90ZD4KPHRkPjEuNDwvdGQ+CjwvdHI+CjwvdGJvZHk+PC90YWJsZT4KClNvdXJjZTogTmF0aW9uYWwgQXNzb2NpYXRpb24gb2YgSW5zdXJhbmNlIENvbW1pc3Npb25lcnMgKE5BSUMpLiBGdXJ0aGVyIHJlcHJpbnQgb3IgZGlzdHJpYnV0aW9uIHN0cmljdGx5IHByb2hpYml0ZWQgd2l0aG91dCB3cml0dGVuIHBlcm1pc3Npb24gb2YgTkFJQy48L3RkPjwvdHI+CjwvdGFibGU+PC90ZD4gPC90cj4KICAgICAgPC90Ym9keT4KICAgIDwvdGFibGU+CiAgPC9ib2R5Pgo8L2h0bWw+Cg==',
  })
# ---
# name: test_ingest_node.1
  list([
    SQLInsuranceRecord(id=1, year=2012, average_expenditure=812.40, percent_change=2.2),
    SQLInsuranceRecord(id=2, year=2013, average_expenditure=841.06, percent_change=3.5),
    SQLInsuranceRecord(id=3, year=2014, average_expenditure=869.47, percent_change=3.4),
    SQLInsuranceRecord(id=4, year=2015, average_expenditure=896.66, percent_change=3.1),
    SQLInsuranceRecord(id=5, year=2016, average_expenditure=945.22, percent_change=5.4),
    SQLInsuranceRecord(id=6, year=2017, average_expenditure=1008.35, percent_change=6.7),
    SQLInsuranceRecord(id=7, year=2018, average_expenditure=1058.10, percent_change=4.9),
    SQLInsuranceRecord(id=8, year=2019, average_expenditure=1071.74, percent_change=1.3),
    SQLInsuranceRecord(id=9, year=2020, average_expenditure=1046.37, percent_change=-2.4),
    SQLInsuranceRecord(id=10, year=2021, average_expenditure=1061.54, percent_change=1.4),
  ])
# ---
# name: test_ingest_node.2
  dict({
    'data': None,
    'documents': list([
      'Year: 2012, Expenditure: $812.40, Change: 2.2%',
      'Year: 2013, Expenditure: $841.06, Change: 3.5%',
      'Year: 2014, Expenditure: $869.47, Change: 3.4%',
      'Year: 2015, Expenditure: $896.66, Change: 3.1%',
      'Year: 2016, Expenditure: $945.22, Change: 5.4%',
      'Year: 2017, Expenditure: $1008.35, Change: 6.7%',
      'Year: 2018, Expenditure: $1058.10, Change: 4.9%',
      'Year: 2019, Expenditure: $1071.74, Change: 1.3%',
      'Year: 2020, Expenditure: $1046.37, Change: -2.4%',
      'Year: 2021, Expenditure: $1061.54, Change: 1.4%',
    ]),
    'embeddings': None,
    'ids': list([
      'insurance-record-2012',
      'insurance-record-2013',
      'insurance-record-2014',
      'insurance-record-2015',
      'insurance-record-2016',
      'insurance-record-2017',
      'insurance-record-2018',
      'insurance-record-2019',
      'insurance-record-2020',
      'insurance-record-2021',
    ]),
    'included': list([
      <IncludeEnum.documents: 'documents'>,
      <IncludeEnum.metadatas: 'metadatas'>,
    ]),
    'metadatas': list([
      dict({
        'average_expenditure': 812.4,
        'percent_change': 2.2,
        'source_content': '''
          <tr>
          <td>2012</td>
          <td>$812.40</td>
          <td>2.2%</td>
          </tr>
        ''',
        'source_url': 'data:text/html;base64,CjxodG1sPgogIDxoZWFkPgogICAgPG1ldGEgaHR0cC1lcXVpdj0iQ29udGVudC1UeXBlIiBjb250ZW50PSJ0ZXh0L2h0bWw7IGNoYXJzZXQ9dXRmLTgiIC8+CiAgPC9oZWFkPgogIDxib2R5PgogICAgPHRhYmxlPgo8dGhlYWQ+PHRyPjx0aD48L3RoPjwvdHI+PC90aGVhZD4gICAgPHRib2R5PiA8dHIgY2xhc3M9Im9kZCI+PHRkPjx0YWJsZT4KPHRyPjx0ZD5BdmVyYWdlIEV4cGVuZGl0dXJlcyBmb3IgQXV0byBJbnN1cmFuY2UsIDIwMTItMjAyMTwvdGQ+PC90cj4KPHRyPjx0ZD48cD4gPC9wPgo8L3RkPjwvdHI+Cjx0cj48dGQ+PHRhYmxlPgo8dGhlYWQ+Cjx0cj4KPHRoPlllYXI8L3RoPgo8dGg+QXZlcmFnZSBleHBlbmRpdHVyZTwvdGg+Cjx0aD5QZXJjZW50IGNoYW5nZTwvdGg+CjwvdHI+CjwvdGhlYWQ+Cjx0Ym9keT4KPHRyPgo8dGQ+MjAxMjwvdGQ+Cjx0ZD4kODEyLjQwPC90ZD4KPHRkPjIuMiU8L3RkPgo8L3RyPgo8dHI+Cjx0ZD4yMDEzPC90ZD4KPHRkPjg0MS4wNjwvdGQ+Cjx0ZD4zLjU8L3RkPgo8L3RyPgo8dHI+Cjx0ZD4yMDE0PC90ZD4KPHRkPjg2OS40NzwvdGQ+Cjx0ZD4zLjQ8L3RkPgo8L3RyPgo8dHI+Cjx0ZD4yMDE1PC90ZD4KPHRkPjg5Ni42NjwvdGQ+Cjx0ZD4zLjE8L3RkPgo8L3RyPgo8dHI+Cjx0ZD4yMDE2PC90ZD4KPHRkPjk0NS4yMjwvdGQ+Cjx0ZD41LjQ8L3RkPgo8L3RyPgo8dHI+Cjx0ZD4yMDE3PC90ZD4KPHRkPjEsMDA4LjM1PC90ZD4KPHRkPjYuNzwvdGQ+CjwvdHI+Cjx0cj4KPHRkPjIwMTg8L3RkPgo8dGQ+MSwwNTguMTA8L3RkPgo8dGQ+NC45PC90ZD4KPC90cj4KPHRyPgo8dGQ+MjAxOTwvdGQ+Cjx0ZD4xLDA3MS43NDwvdGQ+Cjx0ZD4xLjM8L3RkPgo8L3RyPgo8dHI+Cjx0ZD4yMDIwPC90ZD4KPHRkPjEsMDQ2LjM3PC90ZD4KPHRkPi0yLjQ8L3RkPgo8L3RyPgo8dHI+Cjx0ZD4yMDIxPC90ZD4KPHRkPjEsMDYxLjU0PC90ZD4KPHRkPjEuNDwvdGQ+CjwvdHI+CjwvdGJvZHk+PC90YWJsZT4KClNvdXJjZTogTmF0aW9uYWwgQXNzb2NpYXRpb24gb2YgSW5zdXJhbmNlIENvbW1pc3Npb25lcnMgKE5BSUMpLiBGdXJ0aGVyIHJlcHJpbnQgb3IgZGlzdHJpYnV0aW9uIHN0cmljdGx5IHByb2hpYml0ZWQgd2l0aG91dCB3cml0dGVuIHBlcm1pc3Npb24gb2YgTkFJQy48L3RkPjwvdHI+CjwvdGFibGU+PC90ZD4gPC90cj4KICAgICAgPC90Ym9keT4KICAgIDwvdGFibGU+CiAgPC9ib2R5Pgo8L2h0bWw+Cg==',
        'year': 2012,
      }),
      dict({
        'average_expenditure': 841.06,
        'percent_change': 3.5,
        'source_content': '''
          <tr>
          <td>2013</td>
          <td>841.06</td>
          <td>3.5</td>
          </tr>
        ''',
        'source_url': 'data:text/html;base64,CjxodG1sPgogIDxoZWFkPgogICAgPG1ldGEgaHR0cC1lcXVpdj0iQ29udGVudC1UeXBlIiBjb250ZW50PSJ0ZXh0L2h0bWw7IGNoYXJzZXQ9dXRmLTgiIC8+CiAgPC9oZWFkPgogIDxib2R5PgogICAgPHRhYmxlPgo8dGhlYWQ+PHRyPjx0aD48L3RoPjwvdHI+PC90aGVhZD4gICAgPHRib2R5PiA8dHIgY2xhc3M9Im9kZCI+PHRkPjx0YWJsZT4KPHRyPjx0ZD5BdmVyYWdlIEV4cGVuZGl0dXJlcyBmb3IgQXV0byBJbnN1cmFuY2UsIDIwMTItMjAyMTwvdGQ+PC90cj4KPHRyPjx0ZD48cD4gPC9wPgo8L3RkPjwvdHI+Cjx0cj48dGQ+PHRhYmxlPgo8dGhlYWQ+Cjx0cj4KPHRoPlllYXI8L3RoPgo8dGg+QXZlcmFnZSBleHBlbmRpdHVyZTwvdGg+Cjx0aD5QZXJjZW50IGNoYW5nZTwvdGg+CjwvdHI+CjwvdGhlYWQ+Cjx0Ym9keT4KPHRyPgo8dGQ+MjAxMjwvdGQ+Cjx0ZD4kODEyLjQwPC90ZD4KPHRkPjIuMiU8L3RkPgo8L3RyPgo8dHI+Cjx0ZD4yMDEzPC90ZD4KPHRkPjg0MS4wNjwvdGQ+Cjx0ZD4zLjU8L3RkPgo8L3RyPgo8dHI+Cjx0ZD4yMDE0PC90ZD4KPHRkPjg2OS40NzwvdGQ+Cjx0ZD4zLjQ8L3RkPgo8L3RyPgo8dHI+Cjx0ZD4yMDE1PC90ZD4KPHRkPjg5Ni42NjwvdGQ+Cjx0ZD4zLjE8L3RkPgo8L3RyPgo8dHI+Cjx0ZD4yMDE2PC90ZD4KPHRkPjk0NS4yMjwvdGQ+Cjx0ZD41LjQ8L3RkPgo8L3RyPgo8dHI+Cjx0ZD4yMDE3PC90ZD4KPHRkPjEsMDA4LjM1PC90ZD4KPHRkPjYuNzwvdGQ+CjwvdHI+Cjx0cj4KPHRkPjIwMTg8L3RkPgo8dGQ+MSwwNTguMTA8L3RkPgo8dGQ+NC45PC90ZD4KPC90cj4KPHRyPgo8dGQ+MjAxOTwvdGQ+Cjx0ZD4xLDA3MS43NDwvdGQ+Cjx0ZD4xLjM8L3RkPgo8L3RyPgo8dHI+Cjx0ZD4yMDIwPC90ZD4KPHRkPjEsMDQ2LjM3PC90ZD4KPHRkPi0yLjQ8L3RkPgo8L3RyPgo8dHI+Cjx0ZD4yMDIxPC90ZD4KPHRkPjEsMDYxLjU0PC90ZD4KPHRkPjEuNDwvdGQ+CjwvdHI+CjwvdGJvZHk+PC90YWJsZT4KClNvdXJjZTogTmF0aW9uYWwgQXNzb2NpYXRpb24gb2YgSW5zdXJhbmNlIENvbW1pc3Npb25lcnMgKE5BSUMpLiBGdXJ0aGVyIHJlcHJpbnQgb3IgZGlzdHJpYnV0aW9uIHN0cmljdGx5IHByb2hpYml0ZWQgd2l0aG91dCB3cml0dGVuIHBlcm1pc3Npb24gb2YgTkFJQy48L3RkPjwvdHI+CjwvdGFibGU+PC90ZD4gPC90cj4KICAgICAgPC90Ym9keT4KICAgIDwvdGFibGU+CiAgPC9ib2R5Pgo8L2h0bWw+Cg==',
        'year': 2013,
      }),
      dict({
        'average_expenditure': 869.47,
        'percent_change': 3.4,
        'source_content': '''
          <tr>
          <td>2014</td>
          <td>869.47</td>
          <td>3.4</td>
          </tr>
        ''',
        'source_url': 'data:text/html;base64,CjxodG1sPgogIDxoZWFkPgogICAgPG1ldGEgaHR0cC1lcXVpdj0iQ29udGVudC1UeXBlIiBjb250ZW50PSJ0ZXh0L2h0bWw7IGNoYXJzZXQ9dXRmLTgiIC8+CiAgPC9oZWFkPgogIDxib2R5PgogICAgPHRhYmxlPgo8dGhlYWQ+PHRyPjx0aD48L3RoPjwvdHI+PC90aGVhZD4gICAgPHRib2R5PiA8dHIgY2xhc3M9Im9kZCI+PHRkPjx0YWJsZT4KPHRyPjx0ZD5BdmVyYWdlIEV4cGVuZGl0dXJlcyBmb3IgQXV0byBJbnN1cmFuY2UsIDIwMTItMjAyMTwvdGQ+PC90cj4KPHRyPjx0ZD48cD4gPC9wPgo8L3RkPjwvdHI+Cjx0cj48dGQ+PHRhYmxlPgo8dGhlYWQ+Cjx0cj4KPHRoPlllYXI8L3RoPgo8dGg+QXZlcmFnZSBleHBlbmRpdHVyZTwvdGg+Cjx0aD5QZXJjZW50IGNoYW5nZTwvdGg+CjwvdHI+CjwvdGhlYWQ+Cjx0Ym9keT4KPHRyPgo8dGQ+MjAxMjwvdGQ+Cjx0ZD4kODEyLjQwPC90ZD4KPHRkPjIuMiU8L3RkPgo8L3RyPgo8dHI+Cjx0ZD4yMDEzPC90ZD4KPHRkPjg0MS4wNjwvdGQ+Cjx0ZD4zLjU8L3RkPgo8L3RyPgo8dHI+Cjx0ZD4yMDE0PC90ZD4KPHRkPjg2OS40NzwvdGQ+Cjx0ZD4zLjQ8L3RkPgo8L3RyPgo8dHI+Cjx0ZD4yMDE1PC90ZD4KPHRkPjg5Ni42NjwvdGQ+Cjx0ZD4zLjE8L3RkPgo8L3RyPgo8dHI+Cjx0ZD4yMDE2PC90ZD4KPHRkPjk0NS4yMjwvdGQ+Cjx0ZD41LjQ8L3RkPgo8L3RyPgo8dHI+Cjx0ZD4yMDE3PC90ZD4KPHRkPjEsMDA4LjM1PC90ZD4KPHRkPjYuNzwvdGQ+CjwvdHI+Cjx0cj4KPHRkPjIwMTg8L3RkPgo8dGQ+MSwwNTguMTA8L3RkPgo8dGQ+NC45PC90ZD4KPC90cj4KPHRyPgo8dGQ+MjAxOTwvdGQ+Cjx0ZD4xLDA3MS43NDwvdGQ+Cjx0ZD4xLjM8L3RkPgo8L3RyPgo8dHI+Cjx0ZD4yMDIwPC90ZD4KPHRkPjEsMDQ2LjM3PC90ZD4KPHRkPi0yLjQ8L3RkPgo8L3RyPgo8dHI+Cjx0ZD4yMDIxPC90ZD4KPHRkPjEsMDYxLjU0PC90ZD4KPHRkPjEuNDwvdGQ+CjwvdHI+CjwvdGJvZHk+PC90YWJsZT4KClNvdXJjZTogTmF0aW9uYWwgQXNzb2NpYXRpb24gb2YgSW5zdXJhbmNlIENvbW1pc3Npb25lcnMgKE5BSUMpLiBGdXJ0aGVyIHJlcHJpbnQgb3IgZGlzdHJpYnV0aW9uIHN0cmljdGx5IHByb2hpYml0ZWQgd2l0aG91dCB3cml0dGVuIHBlcm1pc3Npb24gb2YgTkFJQy48L3RkPjwvdHI+CjwvdGFibGU+PC90ZD4gPC90cj4KICAgICAgPC90Ym9keT4KICAgIDwvdGFibGU+CiAgPC9ib2R5Pgo8L2h0bWw+Cg==',
        'year': 2014,
      }),
      dict({
        'average_expenditure': 896.66,
        'percent_change': 3.1,
        'source_content': '''
          <tr>
          <td>2015</td>
          <td>896.66</td>
          <td>3.1</td>
          </tr>
        ''',
        'source_url': 'data:text/html;base64,CjxodG1sPgogIDxoZWFkPgogICAgPG1ldGEgaHR0cC1lcXVpdj0iQ29udGVudC1UeXBlIiBjb250ZW50PSJ0ZXh0L2h0bWw7IGNoYXJzZXQ9dXRmLTgiIC8+CiAgPC9oZWFkPgogIDxib2R5PgogICAgPHRhYmxlPgo8dGhlYWQ+PHRyPjx0aD48L3RoPjwvdHI+PC90aGVhZD4gICAgPHRib2R5PiA8dHIgY2xhc3M9Im9kZCI+PHRkPjx0YWJsZT4KPHRyPjx0ZD5BdmVyYWdlIEV4cGVuZGl0dXJlcyBmb3IgQXV0byBJbnN1cmFuY2UsIDIwMTItMjAyMTwvdGQ+PC90cj4KPHRyPjx0ZD48cD4gPC9wPgo8L3RkPjwvdHI+Cjx0cj48dGQ+PHRhYmxlPgo8dGhlYWQ+Cjx0cj4KPHRoPlllYXI8L3RoPgo8dGg+QXZlcmFnZSBleHBlbmRpdHVyZTwvdGg+Cjx0aD5QZXJjZW50IGNoYW5nZTwvdGg+CjwvdHI+CjwvdGhlYWQ+Cjx0Ym9keT4KPHRyPgo8dGQ+MjAxMjwvdGQ+Cjx0ZD4kODEyLjQwPC90ZD4KPHRkPjIuMiU8L3RkPgo8L3RyPgo8dHI+Cjx0ZD4yMDEzPC90ZD4KPHRkPjg0MS4wNjwvdGQ+Cjx0ZD4zLjU8L3RkPgo8L3RyPgo8dHI+Cjx0ZD4yMDE0PC90ZD4KPHRkPjg2OS40NzwvdGQ+Cjx0ZD4zLjQ8L3RkPgo8L3RyPgo8dHI+Cjx0ZD4yMDE1PC90ZD4KPHRkPjg5Ni42NjwvdGQ+Cjx0ZD4zLjE8L3RkPgo8L3RyPgo8dHI+Cjx0ZD4yMDE2PC90ZD4KPHRkPjk0NS4yMjwvdGQ+Cjx0ZD41LjQ8L3RkPgo8L3RyPgo8dHI+Cjx0ZD4yMDE3PC90ZD4KPHRkPjEsMDA4LjM1PC90ZD4KPHRkPjYuNzwvdGQ+CjwvdHI+Cjx0cj4KPHRkPjIwMTg8L3RkPgo8dGQ+MSwwNTguMTA8L3RkPgo8dGQ+NC45PC90ZD4KPC90cj4KPHRyPgo8dGQ+MjAxOTwvdGQ+Cjx0ZD4xLDA3MS43NDwvdGQ+Cjx0ZD4xLjM8L3RkPgo8L3RyPgo8dHI+Cjx0ZD4yMDIwPC90ZD4KPHRkPjEsMDQ2LjM3PC90ZD4KPHRkPi0yLjQ8L3RkPgo8L3RyPgo8dHI+Cjx0ZD4yMDIxPC90ZD4KPHRkPjEsMDYxLjU0PC90ZD4KPHRkPjEuNDwvdGQ+CjwvdHI+CjwvdGJvZHk+PC90YWJsZT4KClNvdXJjZTogTmF0aW9uYWwgQXNzb2NpYXRpb24gb2YgSW5zdXJhbmNlIENvbW1pc3Npb25lcnMgKE5BSUMpLiBGdXJ0aGVyIHJlcHJpbnQgb3IgZGlzdHJpYnV0aW9uIHN0cmljdGx5IHByb2hpYml0ZWQgd2l0aG91dCB3cml0dGVuIHBlcm1pc3Npb24gb2YgTkFJQy48L3RkPjwvdHI+CjwvdGFibGU+PC90ZD4gPC90cj4KICAgICAgPC90Ym9keT4KICAgIDwvdGFibGU+CiAgPC9ib2R5Pgo8L2h0bWw+Cg==',
        'year': 2015,
      }),
      dict({
        'average_expenditure': 945.22,
        'percent_change': 5.4,
        'source_content': '''
          <tr>
          <td>2016</td>
          <td>945.22</td>
          <td>5.4</td>
          </tr>
        ''',
        'source_url': 'data:text/html;base64,CjxodG1sPgogIDxoZWFkPgogICAgPG1ldGEgaHR0cC1lcXVpdj0iQ29udGVudC1UeXBlIiBjb250ZW50PSJ0ZXh0L2h0bWw7IGNoYXJzZXQ9dXRmLTgiIC8+CiAgPC9oZWFkPgogIDxib2R5PgogICAgPHRhYmxlPgo8dGhlYWQ+PHRyPjx0aD48L3RoPjwvdHI+PC90aGVhZD4gICAgPHRib2R5PiA8dHIgY2xhc3M9Im9kZCI+PHRkPjx0YWJsZT4KPHRyPjx0ZD5BdmVyYWdlIEV4cGVuZGl0dXJlcyBmb3IgQXV0byBJbnN1cmFuY2UsIDIwMTItMjAyMTwvdGQ+PC90cj4KPHRyPjx0ZD48cD4gPC9wPgo8L3RkPjwvdHI+Cjx0cj48dGQ+PHRhYmxlPgo8dGhlYWQ+Cjx0cj4KPHRoPlllYXI8L3RoPgo8dGg+QXZlcmFnZSBleHBlbmRpdHVyZTwvdGg+Cjx0aD5QZXJjZW50IGNoYW5nZTwvdGg+CjwvdHI+CjwvdGhlYWQ+Cjx0Ym9keT4KPHRyPgo8dGQ+MjAxMjwvdGQ+Cjx0ZD4kODEyLjQwPC90ZD4KPHRkPjIuMiU8L3RkPgo8L3RyPgo8dHI+Cjx0ZD4yMDEzPC90ZD4KPHRkPjg0MS4wNjwvdGQ+Cjx0ZD4zLjU8L3RkPgo8L3RyPgo8dHI+Cjx0ZD4yMDE0PC90ZD4KPHRkPjg2OS40NzwvdGQ+Cjx0ZD4zLjQ8L3RkPgo8L3RyPgo8dHI+Cjx0ZD4yMDE1PC90ZD4KPHRkPjg5Ni42NjwvdGQ+Cjx0ZD4zLjE8L3RkPgo8L3RyPgo8dHI+Cjx0ZD4yMDE2PC90ZD4KPHRkPjk0NS4yMjwvdGQ+Cjx0ZD41LjQ8L3RkPgo8L3RyPgo8dHI+Cjx0ZD4yMDE3PC90ZD4KPHRkPjEsMDA4LjM1PC90ZD4KPHRkPjYuNzwvdGQ+CjwvdHI+Cjx0cj4KPHRkPjIwMTg8L3RkPgo8dGQ+MSwwNTguMTA8L3RkPgo8dGQ+NC45PC90ZD4KPC90cj4KPHRyPgo8dGQ+MjAxOTwvdGQ+Cjx0ZD4xLDA3MS43NDwvdGQ+Cjx0ZD4xLjM8L3RkPgo8L3RyPgo8dHI+Cjx0ZD4yMDIwPC90ZD4KPHRkPjEsMDQ2LjM3PC90ZD4KPHRkPi0yLjQ8L3RkPgo8L3RyPgo8dHI+Cjx0ZD4yMDIxPC90ZD4KPHRkPjEsMDYxLjU0PC90ZD4KPHRkPjEuNDwvdGQ+CjwvdHI+CjwvdGJvZHk+PC90YWJsZT4KClNvdXJjZTogTmF0aW9uYWwgQXNzb2NpYXRpb24gb2YgSW5zdXJhbmNlIENvbW1pc3Npb25lcnMgKE5BSUMpLiBGdXJ0aGVyIHJlcHJpbnQgb3IgZGlzdHJpYnV0aW9uIHN0cmljdGx5IHByb2hpYml0ZWQgd2l0aG91dCB3cml0dGVuIHBlcm1pc3Npb24gb2YgTkFJQy48L3RkPjwvdHI+CjwvdGFibGU+PC90ZD4gPC90cj4KICAgICAgPC90Ym9keT4KICAgIDwvdGFibGU+CiAgPC9ib2R5Pgo8L2h0bWw+Cg==',
        'year': 2016,
      }),
      dict({
        'average_expenditure': 1008.35,
        'percent_change': 6.7,
        'source_content': '''
          <tr>
          <td>2017</td>
          <td>1,008.35</td>
          <td>6.7</td>
          </tr>
        ''',
        'source_url': 'data:text/html;base64,CjxodG1sPgogIDxoZWFkPgogICAgPG1ldGEgaHR0cC1lcXVpdj0iQ29udGVudC1UeXBlIiBjb250ZW50PSJ0ZXh0L2h0bWw7IGNoYXJzZXQ9dXRmLTgiIC8+CiAgPC9oZWFkPgogIDxib2R5PgogICAgPHRhYmxlPgo8dGhlYWQ+PHRyPjx0aD48L3RoPjwvdHI+PC90aGVhZD4gICAgPHRib2R5PiA8dHIgY2xhc3M9Im9kZCI+PHRkPjx0YWJsZT4KPHRyPjx0ZD5BdmVyYWdlIEV4cGVuZGl0dXJlcyBmb3IgQXV0byBJbnN1cmFuY2UsIDIwMTItMjAyMTwvdGQ+PC90cj4KPHRyPjx0ZD48cD4gPC9wPgo8L3RkPjwvdHI+Cjx0cj48dGQ+PHRhYmxlPgo8dGhlYWQ+Cjx0cj4KPHRoPlllYXI8L3RoPgo8dGg+QXZlcmFnZSBleHBlbmRpdHVyZTwvdGg+Cjx0aD5QZXJjZW50IGNoYW5nZTwvdGg+CjwvdHI+CjwvdGhlYWQ+Cjx0Ym9keT4KPHRyPgo8dGQ+MjAxMjwvdGQ+Cjx0ZD4kODEyLjQwPC90ZD4KPHRkPjIuMiU8L3RkPgo8L3RyPgo8dHI+Cjx0ZD4yMDEzPC90ZD4KPHRkPjg0MS4wNjwvdGQ+Cjx0ZD4zLjU8L3RkPgo8L3RyPgo8dHI+Cjx0ZD4yMDE0PC90ZD4KPHRkPjg2OS40NzwvdGQ+Cjx0ZD4zLjQ8L3RkPgo8L3RyPgo8dHI+Cjx0ZD4yMDE1PC90ZD4KPHRkPjg5Ni42NjwvdGQ+Cjx0ZD4zLjE8L3RkPgo8L3RyPgo8dHI+Cjx0ZD4yMDE2PC90ZD4KPHRkPjk0NS4yMjwvdGQ+Cjx0ZD41LjQ8L3RkPgo8L3RyPgo8dHI+Cjx0ZD4yMDE3PC90ZD4KPHRkPjEsMDA4LjM1PC90ZD4KPHRkPjYuNzwvdGQ+CjwvdHI+Cjx0cj4KPHRkPjIwMTg8L3RkPgo8dGQ+MSwwNTguMTA8L3RkPgo8dGQ+NC45PC90ZD4KPC90cj4KPHRyPgo8dGQ+MjAxOTwvdGQ+Cjx0ZD4xLDA3MS43NDwvdGQ+Cjx0ZD4xLjM8L3RkPgo8L3RyPgo8dHI+Cjx0ZD4yMDIwPC90ZD4KPHRkPjEsMDQ2LjM3PC90ZD4KPHRkPi0yLjQ8L3RkPgo8L3RyPgo8dHI+Cjx0ZD4yMDIxPC90ZD4KPHRkPjEsMDYxLjU0PC90ZD4KPHRkPjEuNDwvdGQ+CjwvdHI+CjwvdGJvZHk+PC90YWJsZT4KClNvdXJjZTogTmF0aW9uYWwgQXNzb2NpYXRpb24gb2YgSW5zdXJhbmNlIENvbW1pc3Npb25lcnMgKE5BSUMpLiBGdXJ0aGVyIHJlcHJpbnQgb3IgZGlzdHJpYnV0aW9uIHN0cmljdGx5IHByb2hpYml0ZWQgd2l0aG91dCB3cml0dGVuIHBlcm1pc3Npb24gb2YgTkFJQy48L3RkPjwvdHI+CjwvdGFibGU+PC90ZD4gPC90cj4KICAgICAgPC90Ym9keT4KICAgIDwvdGFibGU+CiAgPC9ib2R5Pgo8L2h0bWw+Cg==',
        'year': 2017,
      }),
      dict({
        'average_expenditure': 1058.1,
        'percent_change': 4.9,
        'source_content': '''
          <tr>
          <td>2018</td>
          <td>1,058.10</td>
          <td>4.9</td>
          </tr>
        ''',
        'source_url': 'data:text/html;base64,CjxodG1sPgogIDxoZWFkPgogICAgPG1ldGEgaHR0cC1lcXVpdj0iQ29udGVudC1UeXBlIiBjb250ZW50PSJ0ZXh0L2h0bWw7IGNoYXJzZXQ9dXRmLTgiIC8+CiAgPC9oZWFkPgogIDxib2R5PgogICAgPHRhYmxlPgo8dGhlYWQ+PHRyPjx0aD48L3RoPjwvdHI+PC90aGVhZD4gICAgPHRib2R5PiA8dHIgY2xhc3M9Im9kZCI+PHRkPjx0YWJsZT4KPHRyPjx0ZD5BdmVyYWdlIEV4cGVuZGl0dXJlcyBmb3IgQXV0byBJbnN1cmFuY2UsIDIwMTItMjAyMTwvdGQ+PC90cj4KPHRyPjx0ZD48cD4gPC9wPgo8L3RkPjwvdHI+Cjx0cj48dGQ+PHRhYmxlPgo8dGhlYWQ+Cjx0cj4KPHRoPlllYXI8L3RoPgo8dGg+QXZlcmFnZSBleHBlbmRpdHVyZTwvdGg+Cjx0aD5QZXJjZW50IGNoYW5nZTwvdGg+CjwvdHI+CjwvdGhlYWQ+Cjx0Ym9keT4KPHRyPgo8dGQ+MjAxMjwvdGQ+Cjx0ZD4kODEyLjQwPC90ZD4KPHRkPjIuMiU8L3RkPgo8L3RyPgo8dHI+Cjx0ZD4yMDEzPC90ZD4KPHRkPjg0MS4wNjwvdGQ+Cjx0ZD4zLjU8L3RkPgo8L3RyPgo8dHI+Cjx0ZD4yMDE0PC90ZD4KPHRkPjg2OS40NzwvdGQ+Cjx0ZD4zLjQ8L3RkPgo8L3RyPgo8dHI+Cjx0ZD4yMDE1PC90ZD4KPHRkPjg5Ni42NjwvdGQ+Cjx0ZD4zLjE8L3RkPgo8L3RyPgo8dHI+Cjx0ZD4yMDE2PC90ZD4KPHRkPjk0NS4yMjwvdGQ+Cjx0ZD41LjQ8L3RkPgo8L3RyPgo8dHI+Cjx0ZD4yMDE3PC90ZD4KPHRkPjEsMDA4LjM1PC90ZD4KPHRkPjYuNzwvdGQ+CjwvdHI+Cjx0cj4KPHRkPjIwMTg8L3RkPgo8dGQ+MSwwNTguMTA8L3RkPgo8dGQ+NC45PC90ZD4KPC90cj4KPHRyPgo8dGQ+MjAxOTwvdGQ+Cjx0ZD4xLDA3MS43NDwvdGQ+Cjx0ZD4xLjM8L3RkPgo8L3RyPgo8dHI+Cjx0ZD4yMDIwPC90ZD4KPHRkPjEsMDQ2LjM3PC90ZD4KPHRkPi0yLjQ8L3RkPgo8L3RyPgo8dHI+Cjx0ZD4yMDIxPC90ZD4KPHRkPjEsMDYxLjU0PC90ZD4KPHRkPjEuNDwvdGQ+CjwvdHI+CjwvdGJvZHk+PC90YWJsZT4KClNvdXJjZTogTmF0aW9uYWwgQXNzb2NpYXRpb24gb2YgSW5zdXJhbmNlIENvbW1pc3Npb25lcnMgKE5BSUMpLiBGdXJ0aGVyIHJlcHJpbnQgb3IgZGlzdHJpYnV0aW9uIHN0cmljdGx5IHByb2hpYml0ZWQgd2l0aG91dCB3cml0dGVuIHBlcm1pc3Npb24gb2YgTkFJQy48L3RkPjwvdHI+CjwvdGFibGU+PC90ZD4gPC90cj4KICAgICAgPC90Ym9keT4KICAgIDwvdGFibGU+CiAgPC9ib2R5Pgo8L2h0bWw+Cg==',
        'year': 2018,
      }),
      dict({
        'average_expenditure': 1071.74,
        'percent_change': 1.3,
        'source_content': '''
          <tr>
          <td>2019</td>
          <td>1,071.74</td>
          <td>1.3</td>
          </tr>
        ''',
        'source_url': 'data:text/html;base64,CjxodG1sPgogIDxoZWFkPgogICAgPG1ldGEgaHR0cC1lcXVpdj0iQ29udGVudC1UeXBlIiBjb250ZW50PSJ0ZXh0L2h0bWw7IGNoYXJzZXQ9dXRmLTgiIC8+CiAgPC9oZWFkPgogIDxib2R5PgogICAgPHRhYmxlPgo8dGhlYWQ+PHRyPjx0aD48L3RoPjwvdHI+PC90aGVhZD4gICAgPHRib2R5PiA8dHIgY2xhc3M9Im9kZCI+PHRkPjx0YWJsZT4KPHRyPjx0ZD5BdmVyYWdlIEV4cGVuZGl0dXJlcyBmb3IgQXV0byBJbnN1cmFuY2UsIDIwMTItMjAyMTwvdGQ+PC90cj4KPHRyPjx0ZD48cD4gPC9wPgo8L3RkPjwvdHI+Cjx0cj48dGQ+PHRhYmxlPgo8dGhlYWQ+Cjx0cj4KPHRoPlllYXI8L3RoPgo8dGg+QXZlcmFnZSBleHBlbmRpdHVyZTwvdGg+Cjx0aD5QZXJjZW50IGNoYW5nZTwvdGg+CjwvdHI+CjwvdGhlYWQ+Cjx0Ym9keT4KPHRyPgo8dGQ+MjAxMjwvdGQ+Cjx0ZD4kODEyLjQwPC90ZD4KPHRkPjIuMiU8L3RkPgo8L3RyPgo8dHI+Cjx0ZD4yMDEzPC90ZD4KPHRkPjg0MS4wNjwvdGQ+Cjx0ZD4zLjU8L3RkPgo8L3RyPgo8dHI+Cjx0ZD4yMDE0PC90ZD4KPHRkPjg2OS40NzwvdGQ+Cjx0ZD4zLjQ8L3RkPgo8L3RyPgo8dHI+Cjx0ZD4yMDE1PC90ZD4KPHRkPjg5Ni42NjwvdGQ+Cjx0ZD4zLjE8L3RkPgo8L3RyPgo8dHI+Cjx0ZD4yMDE2PC90ZD4KPHRkPjk0NS4yMjwvdGQ+Cjx0ZD41LjQ8L3RkPgo8L3RyPgo8dHI+Cjx0ZD4yMDE3PC90ZD4KPHRkPjEsMDA4LjM1PC90ZD4KPHRkPjYuNzwvdGQ+CjwvdHI+Cjx0cj4KPHRkPjIwMTg8L3RkPgo8dGQ+MSwwNTguMTA8L3RkPgo8dGQ+NC45PC90ZD4KPC90cj4KPHRyPgo8dGQ+MjAxOTwvdGQ+Cjx0ZD4xLDA3MS43NDwvdGQ+Cjx0ZD4xLjM8L3RkPgo8L3RyPgo8dHI+Cjx0ZD4yMDIwPC90ZD4KPHRkPjEsMDQ2LjM3PC90ZD4KPHRkPi0yLjQ8L3RkPgo8L3RyPgo8dHI+Cjx0ZD4yMDIxPC90ZD4KPHRkPjEsMDYxLjU0PC90ZD4KPHRkPjEuNDwvdGQ+CjwvdHI+CjwvdGJvZHk+PC90YWJsZT4KClNvdXJjZTogTmF0aW9uYWwgQXNzb2NpYXRpb24gb2YgSW5zdXJhbmNlIENvbW1pc3Npb25lcnMgKE5BSUMpLiBGdXJ0aGVyIHJlcHJpbnQgb3IgZGlzdHJpYnV0aW9uIHN0cmljdGx5IHByb2hpYml0ZWQgd2l0aG91dCB3cml0dGVuIHBlcm1pc3Npb24gb2YgTkFJQy48L3RkPjwvdHI+CjwvdGFibGU+PC90ZD4gPC90cj4KICAgICAgPC90Ym9keT4KICAgIDwvdGFibGU+CiAgPC9ib2R5Pgo8L2h0bWw+Cg==',
        'year': 2019,
      }),
      dict({
        'average_expenditure': 1046.37,
        'percent_change': -2.4,
        'source_content': '''
          <tr>
          <td>2020</td>
          <td>1,046.37</td>
          <td>-2.4</td>
          </tr>
        ''',
        'source_url': 'data:text/html;base64,CjxodG1sPgogIDxoZWFkPgogICAgPG1ldGEgaHR0cC1lcXVpdj0iQ29udGVudC1UeXBlIiBjb250ZW50PSJ0ZXh0L2h0bWw7IGNoYXJzZXQ9dXRmLTgiIC8+CiAgPC9oZWFkPgogIDxib2R5PgogICAgPHRhYmxlPgo8dGhlYWQ+PHRyPjx0aD48L3RoPjwvdHI+PC90aGVhZD4gICAgPHRib2R5PiA8dHIgY2xhc3M9Im9kZCI+PHRkPjx0YWJsZT4KPHRyPjx0ZD5BdmVyYWdlIEV4cGVuZGl0dXJlcyBmb3IgQXV0byBJbnN1cmFuY2UsIDIwMTItMjAyMTwvdGQ+PC90cj4KPHRyPjx0ZD48cD4gPC9wPgo8L3RkPjwvdHI+Cjx0cj48dGQ+PHRhYmxlPgo8dGhlYWQ+Cjx0cj4KPHRoPlllYXI8L3RoPgo8dGg+QXZlcmFnZSBleHBlbmRpdHVyZTwvdGg+Cjx0aD5QZXJjZW50IGNoYW5nZTwvdGg+CjwvdHI+CjwvdGhlYWQ+Cjx0Ym9keT4KPHRyPgo8dGQ+MjAxMjwvdGQ+Cjx0ZD4kODEyLjQwPC90ZD4KPHRkPjIuMiU8L3RkPgo8L3RyPgo8dHI+Cjx0ZD4yMDEzPC90ZD4KPHRkPjg0MS4wNjwvdGQ+Cjx0ZD4zLjU8L3RkPgo8L3RyPgo8dHI+Cjx0ZD4yMDE0PC90ZD4KPHRkPjg2OS40NzwvdGQ+Cjx0ZD4zLjQ8L3RkPgo8L3RyPgo8dHI+Cjx0ZD4yMDE1PC90ZD4KPHRkPjg5Ni42NjwvdGQ+Cjx0ZD4zLjE8L3RkPgo8L3RyPgo8dHI+Cjx0ZD4yMDE2PC90ZD4KPHRkPjk0NS4yMjwvdGQ+Cjx0ZD41LjQ8L3RkPgo8L3RyPgo8dHI+Cjx0ZD4yMDE3PC90ZD4KPHRkPjEsMDA4LjM1PC90ZD4KPHRkPjYuNzwvdGQ+CjwvdHI+Cjx0cj4KPHRkPjIwMTg8L3RkPgo8dGQ+MSwwNTguMTA8L3RkPgo8dGQ+NC45PC90ZD4KPC90cj4KPHRyPgo8dGQ+MjAxOTwvdGQ+Cjx0ZD4xLDA3MS43NDwvdGQ+Cjx0ZD4xLjM8L3RkPgo8L3RyPgo8dHI+Cjx0ZD4yMDIwPC90ZD4KPHRkPjEsMDQ2LjM3PC90ZD4KPHRkPi0yLjQ8L3RkPgo8L3RyPgo8dHI+Cjx0ZD4yMDIxPC90ZD4KPHRkPjEsMDYxLjU0PC90ZD4KPHRkPjEuNDwvdGQ+CjwvdHI+CjwvdGJvZHk+PC90YWJsZT4KClNvdXJjZTogTmF0aW9uYWwgQXNzb2NpYXRpb24gb2YgSW5zdXJhbmNlIENvbW1pc3Npb25lcnMgKE5BSUMpLiBGdXJ0aGVyIHJlcHJpbnQgb3IgZGlzdHJpYnV0aW9uIHN0cmljdGx5IHByb2hpYml0ZWQgd2l0aG91dCB3cml0dGVuIHBlcm1pc3Npb24gb2YgTkFJQy48L3RkPjwvdHI+CjwvdGFibGU+PC90ZD4gPC90cj4KICAgICAgPC90Ym9keT4KICAgIDwvdGFibGU+CiAgPC9ib2R5Pgo8L2h0bWw+Cg==',
        'year': 2020,
      }),
      dict({
        'average_expenditure': 1061.54,
        'percent_change': 1.4,
        'source_content': '''
          <tr>
          <td>2021</td>
          <td>1,061.54</td>
          <td>1.4</td>
          </tr>
        ''',
        'source_url': 'data:text/html;base64,CjxodG1sPgogIDxoZWFkPgogICAgPG1ldGEgaHR0cC1lcXVpdj0iQ29udGVudC1UeXBlIiBjb250ZW50PSJ0ZXh0L2h0bWw7IGNoYXJzZXQ9dXRmLTgiIC8+CiAgPC9oZWFkPgogIDxib2R5PgogICAgPHRhYmxlPgo8dGhlYWQ+PHRyPjx0aD48L3RoPjwvdHI+PC90aGVhZD4gICAgPHRib2R5PiA8dHIgY2xhc3M9Im9kZCI+PHRkPjx0YWJsZT4KPHRyPjx0ZD5BdmVyYWdlIEV4cGVuZGl0dXJlcyBmb3IgQXV0byBJbnN1cmFuY2UsIDIwMTItMjAyMTwvdGQ+PC90cj4KPHRyPjx0ZD48cD4gPC9wPgo8L3RkPjwvdHI+Cjx0cj48dGQ+PHRhYmxlPgo8dGhlYWQ+Cjx0cj4KPHRoPlllYXI8L3RoPgo8dGg+QXZlcmFnZSBleHBlbmRpdHVyZTwvdGg+Cjx0aD5QZXJjZW50IGNoYW5nZTwvdGg+CjwvdHI+CjwvdGhlYWQ+Cjx0Ym9keT4KPHRyPgo8dGQ+MjAxMjwvdGQ+Cjx0ZD4kODEyLjQwPC90ZD4KPHRkPjIuMiU8L3RkPgo8L3RyPgo8dHI+Cjx0ZD4yMDEzPC90ZD4KPHRkPjg0MS4wNjwvdGQ+Cjx0ZD4zLjU8L3RkPgo8L3RyPgo8dHI+Cjx0ZD4yMDE0PC90ZD4KPHRkPjg2OS40NzwvdGQ+Cjx0ZD4zLjQ8L3RkPgo8L3RyPgo8dHI+Cjx0ZD4yMDE1PC90ZD4KPHRkPjg5Ni42NjwvdGQ+Cjx0ZD4zLjE8L3RkPgo8L3RyPgo8dHI+Cjx0ZD4yMDE2PC90ZD4KPHRkPjk0NS4yMjwvdGQ+Cjx0ZD41LjQ8L3RkPgo8L3RyPgo8dHI+Cjx0ZD4yMDE3PC90ZD4KPHRkPjEsMDA4LjM1PC90ZD4KPHRkPjYuNzwvdGQ+CjwvdHI+Cjx0cj4KPHRkPjIwMTg8L3RkPgo8dGQ+MSwwNTguMTA8L3RkPgo8dGQ+NC45PC90ZD4KPC90cj4KPHRyPgo8dGQ+MjAxOTwvdGQ+Cjx0ZD4xLDA3MS43NDwvdGQ+Cjx0ZD4xLjM8L3RkPgo8L3RyPgo8dHI+Cjx0ZD4yMDIwPC90ZD4KPHRkPjEsMDQ2LjM3PC90ZD4KPHRkPi0yLjQ8L3RkPgo8L3RyPgo8dHI+Cjx0ZD4yMDIxPC90ZD4KPHRkPjEsMDYxLjU0PC90ZD4KPHRkPjEuNDwvdGQ+CjwvdHI+CjwvdGJvZHk+PC90YWJsZT4KClNvdXJjZTogTmF0aW9uYWwgQXNzb2NpYXRpb24gb2YgSW5zdXJhbmNlIENvbW1pc3Npb25lcnMgKE5BSUMpLiBGdXJ0aGVyIHJlcHJpbnQgb3IgZGlzdHJpYnV0aW9uIHN0cmljdGx5IHByb2hpYml0ZWQgd2l0aG91dCB3cml0dGVuIHBlcm1pc3Npb24gb2YgTkFJQy48L3RkPjwvdHI+CjwvdGFibGU+PC90ZD4gPC90cj4KICAgICAgPC90Ym9keT4KICAgIDwvdGFibGU+CiAgPC9ib2R5Pgo8L2h0bWw+Cg==',
        'year': 2021,
      }),
    ]),
    'uris': None,
  })
# ---
